###############################################################################
#
# IAR ELF Linker V8.40.1.212/W32 for ARM                  05/Dec/2024  13:20:37
# Copyright 2007-2019 IAR Systems AB.
#
#    Output file  =  E:\AnyID\Git\ESC_SSC\ESC_SSC\ESC_SSC\Build\Exe\ESC_SSC.out
#    Map file     =
#        E:\AnyID\Git\ESC_SSC\ESC_SSC\ESC_SSC\Build\List\ESC_SSC.map
#    Command line =
#        -f C:\Users\swnw\AppData\Local\Temp\EW240B.tmp
#        (E:\AnyID\Git\ESC_SSC\ESC_SSC\ESC_SSC\Build\Obj\AnyID_Des.o
#        E:\AnyID\Git\ESC_SSC\ESC_SSC\ESC_SSC\Build\Obj\AnyID_FRam.o
#        E:\AnyID\Git\ESC_SSC\ESC_SSC\ESC_SSC\Build\Obj\AnyID_R542_FRam.o
#        E:\AnyID\Git\ESC_SSC\ESC_SSC\ESC_SSC\Build\Obj\AnyID_R542_FRam_HL.o
#        E:\AnyID\Git\ESC_SSC\ESC_SSC\ESC_SSC\Build\Obj\AnyID_R542_IO.o
#        E:\AnyID\Git\ESC_SSC\ESC_SSC\ESC_SSC\Build\Obj\AnyID_R542_IO_HL.o
#        E:\AnyID\Git\ESC_SSC\ESC_SSC\ESC_SSC\Build\Obj\AnyID_R542_Reader.o
#        E:\AnyID\Git\ESC_SSC\ESC_SSC\ESC_SSC\Build\Obj\AnyID_R542_SysCfg.o
#        E:\AnyID\Git\ESC_SSC\ESC_SSC\ESC_SSC\Build\Obj\AnyID_R542_SysTick_HL.o
#        E:\AnyID\Git\ESC_SSC\ESC_SSC\ESC_SSC\Build\Obj\AnyID_R542_WDG_HL.o
#        E:\AnyID\Git\ESC_SSC\ESC_SSC\ESC_SSC\Build\Obj\AnyID_Stdlib.o
#        E:\AnyID\Git\ESC_SSC\ESC_SSC\ESC_SSC\Build\Obj\AnyID_SysTick.o
#        E:\AnyID\Git\ESC_SSC\ESC_SSC\ESC_SSC\Build\Obj\AnyID_Uart_Receive.o
#        E:\AnyID\Git\ESC_SSC\ESC_SSC\ESC_SSC\Build\Obj\main.o
#        E:\AnyID\Git\ESC_SSC\ESC_SSC\ESC_SSC\Build\Obj\misc.o
#        E:\AnyID\Git\ESC_SSC\ESC_SSC\ESC_SSC\Build\Obj\startup_stm32f427x.o
#        E:\AnyID\Git\ESC_SSC\ESC_SSC\ESC_SSC\Build\Obj\stm32f4xx_adc.o
#        E:\AnyID\Git\ESC_SSC\ESC_SSC\ESC_SSC\Build\Obj\stm32f4xx_cryp.o
#        E:\AnyID\Git\ESC_SSC\ESC_SSC\ESC_SSC\Build\Obj\stm32f4xx_cryp_des.o
#        E:\AnyID\Git\ESC_SSC\ESC_SSC\ESC_SSC\Build\Obj\stm32f4xx_dma.o
#        E:\AnyID\Git\ESC_SSC\ESC_SSC\ESC_SSC\Build\Obj\stm32f4xx_exti.o
#        E:\AnyID\Git\ESC_SSC\ESC_SSC\ESC_SSC\Build\Obj\stm32f4xx_flash.o
#        E:\AnyID\Git\ESC_SSC\ESC_SSC\ESC_SSC\Build\Obj\stm32f4xx_gpio.o
#        E:\AnyID\Git\ESC_SSC\ESC_SSC\ESC_SSC\Build\Obj\stm32f4xx_it.o
#        E:\AnyID\Git\ESC_SSC\ESC_SSC\ESC_SSC\Build\Obj\stm32f4xx_iwdg.o
#        E:\AnyID\Git\ESC_SSC\ESC_SSC\ESC_SSC\Build\Obj\stm32f4xx_pwr.o
#        E:\AnyID\Git\ESC_SSC\ESC_SSC\ESC_SSC\Build\Obj\stm32f4xx_rcc.o
#        E:\AnyID\Git\ESC_SSC\ESC_SSC\ESC_SSC\Build\Obj\stm32f4xx_spi.o
#        E:\AnyID\Git\ESC_SSC\ESC_SSC\ESC_SSC\Build\Obj\stm32f4xx_syscfg.o
#        E:\AnyID\Git\ESC_SSC\ESC_SSC\ESC_SSC\Build\Obj\stm32f4xx_tim.o
#        E:\AnyID\Git\ESC_SSC\ESC_SSC\ESC_SSC\Build\Obj\stm32f4xx_usart.o
#        E:\AnyID\Git\ESC_SSC\ESC_SSC\ESC_SSC\Build\Obj\system_stm32f4xx.o
#        --no_out_extension -o
#        E:\AnyID\Git\ESC_SSC\ESC_SSC\ESC_SSC\Build\Exe\ESC_SSC.out --map
#        E:\AnyID\Git\ESC_SSC\ESC_SSC\ESC_SSC\Build\List\ESC_SSC.map --config
#        E:\AnyID\Git\ESC_SSC\ESC_SSC\ESC_SSC\stm32f4xx_flash.icf --semihosting
#        --entry __iar_program_start --vfe --text_out locale)
#
###############################################################################

*******************************************************************************
*** RUNTIME MODEL ATTRIBUTES
***

CppFlavor       = *
__SystemLibrary = DLib
__dlib_version  = 6


*******************************************************************************
*** HEAP SELECTION
***

The basic heap was selected because no calls to memory allocation
functions were found in the application outside of system library
functions, and there are calls to deallocation functions in the
application.


*******************************************************************************
*** PLACEMENT SUMMARY
***

"A0":  place at address 0x800'0000 { ro section .intvec };
"P1":  place in [from 0x800'0000 to 0x80f'ffff] { ro };
define block CSTACK with size = 16K, alignment = 8 { };
define block HEAP with size = 2K, alignment = 8 { };
"P2":  place in [from 0x2000'0000 to 0x2001'ffff] {
          rw, block CSTACK, block HEAP };
initialize by copy { rw };

  Section            Kind         Address    Size  Object
  -------            ----         -------    ----  ------
"A0":                                       0x1ac
  .intvec            ro code   0x800'0000   0x1ac  startup_stm32f427x.o [1]
                             - 0x800'01ac   0x1ac

"P1":                                       0xa8c
  .text              ro code   0x800'01ac   0x1f4  AnyID_R542_SysCfg.o [1]
  .text              ro code   0x800'03a0    0x80  stm32f4xx_rcc.o [1]
  .text              ro code   0x800'0420    0xa4  AnyID_R542_SysTick_HL.o [1]
  .text              ro code   0x800'04c4    0x6a  AnyID_R542_IO_HL.o [1]
  .text              ro code   0x800'052e    0x3a  zero_init3.o [4]
  .text              ro code   0x800'0568    0x7c  AnyID_R542_IO.o [1]
  .text              ro code   0x800'05e4    0xa4  rand.o [2]
  .text              ro code   0x800'0688    0x24  misc.o [1]
  .text              ro code   0x800'06ac    0x66  ABImemset.o [4]
  .text              ro code   0x800'0712    0x2e  copy_init3.o [4]
  .text              ro code   0x800'0740    0xca  stm32f4xx_gpio.o [1]
  .text              ro code   0x800'080c   0x124  system_stm32f4xx.o [1]
  .rodata            const     0x800'0930    0x80  AnyID_R542_IO_HL.o [1]
  .text              ro code   0x800'09b0    0x38  stm32f4xx_it.o [1]
  .text              ro code   0x800'09e8    0x28  data_init.o [4]
  .text              ro code   0x800'0a10    0x22  fpinit_M.o [3]
  .iar.init_table    const     0x800'0a34    0x24  - Linker created -
  .text              ro code   0x800'0a58    0x1e  cmain.o [4]
  .text              ro code   0x800'0a76     0x4  low_level_init.o [2]
  .text              ro code   0x800'0a7a     0xc  main.o [1]
  .text              ro code   0x800'0a86     0x4  exit.o [2]
  .text              ro code   0x800'0a8c     0xa  cexit.o [4]
  .text              ro code   0x800'0a98    0x14  exit.o [5]
  .text              ro code   0x800'0aac    0x10  startup_stm32f427x.o [1]
  .text              ro code   0x800'0abc     0xc  cstartup_M.o [4]
  Initializer bytes  const     0x800'0ac8     0xc  <for P2-1>
  .text              ro code   0x800'0ad4     0x4  startup_stm32f427x.o [1]
  .text              ro code   0x800'0ad8     0x4  startup_stm32f427x.o [1]
  .text              ro code   0x800'0adc     0x4  startup_stm32f427x.o [1]
  .text              ro code   0x800'0ae0     0x4  startup_stm32f427x.o [1]
  .text              ro code   0x800'0ae4     0x4  startup_stm32f427x.o [1]
  .text              ro code   0x800'0ae8     0x4  startup_stm32f427x.o [1]
  .text              ro code   0x800'0aec     0x4  startup_stm32f427x.o [1]
  .text              ro code   0x800'0af0     0x4  startup_stm32f427x.o [1]
  .text              ro code   0x800'0af4     0x4  startup_stm32f427x.o [1]
  .text              ro code   0x800'0af8     0x4  startup_stm32f427x.o [1]
  .text              ro code   0x800'0afc     0x4  startup_stm32f427x.o [1]
  .text              ro code   0x800'0b00     0x4  startup_stm32f427x.o [1]
  .text              ro code   0x800'0b04     0x4  startup_stm32f427x.o [1]
  .text              ro code   0x800'0b08     0x4  startup_stm32f427x.o [1]
  .text              ro code   0x800'0b0c     0x4  startup_stm32f427x.o [1]
  .text              ro code   0x800'0b10     0x4  startup_stm32f427x.o [1]
  .text              ro code   0x800'0b14     0x4  startup_stm32f427x.o [1]
  .text              ro code   0x800'0b18     0x4  startup_stm32f427x.o [1]
  .text              ro code   0x800'0b1c     0x4  startup_stm32f427x.o [1]
  .text              ro code   0x800'0b20     0x4  startup_stm32f427x.o [1]
  .text              ro code   0x800'0b24     0x4  startup_stm32f427x.o [1]
  .text              ro code   0x800'0b28     0x4  startup_stm32f427x.o [1]
  .text              ro code   0x800'0b2c     0x4  startup_stm32f427x.o [1]
  .text              ro code   0x800'0b30     0x4  startup_stm32f427x.o [1]
  .text              ro code   0x800'0b34     0x4  startup_stm32f427x.o [1]
  .text              ro code   0x800'0b38     0x4  startup_stm32f427x.o [1]
  .text              ro code   0x800'0b3c     0x4  startup_stm32f427x.o [1]
  .text              ro code   0x800'0b40     0x4  startup_stm32f427x.o [1]
  .text              ro code   0x800'0b44     0x4  startup_stm32f427x.o [1]
  .text              ro code   0x800'0b48     0x4  startup_stm32f427x.o [1]
  .text              ro code   0x800'0b4c     0x4  startup_stm32f427x.o [1]
  .text              ro code   0x800'0b50     0x4  startup_stm32f427x.o [1]
  .text              ro code   0x800'0b54     0x4  startup_stm32f427x.o [1]
  .text              ro code   0x800'0b58     0x4  startup_stm32f427x.o [1]
  .text              ro code   0x800'0b5c     0x4  startup_stm32f427x.o [1]
  .text              ro code   0x800'0b60     0x4  startup_stm32f427x.o [1]
  .text              ro code   0x800'0b64     0x4  startup_stm32f427x.o [1]
  .text              ro code   0x800'0b68     0x4  startup_stm32f427x.o [1]
  .text              ro code   0x800'0b6c     0x4  startup_stm32f427x.o [1]
  .text              ro code   0x800'0b70     0x4  startup_stm32f427x.o [1]
  .text              ro code   0x800'0b74     0x4  startup_stm32f427x.o [1]
  .text              ro code   0x800'0b78     0x4  startup_stm32f427x.o [1]
  .text              ro code   0x800'0b7c     0x4  startup_stm32f427x.o [1]
  .text              ro code   0x800'0b80     0x4  startup_stm32f427x.o [1]
  .text              ro code   0x800'0b84     0x4  startup_stm32f427x.o [1]
  .text              ro code   0x800'0b88     0x4  startup_stm32f427x.o [1]
  .text              ro code   0x800'0b8c     0x4  startup_stm32f427x.o [1]
  .text              ro code   0x800'0b90     0x4  startup_stm32f427x.o [1]
  .text              ro code   0x800'0b94     0x4  startup_stm32f427x.o [1]
  .text              ro code   0x800'0b98     0x4  startup_stm32f427x.o [1]
  .text              ro code   0x800'0b9c     0x4  startup_stm32f427x.o [1]
  .text              ro code   0x800'0ba0     0x4  startup_stm32f427x.o [1]
  .text              ro code   0x800'0ba4     0x4  startup_stm32f427x.o [1]
  .text              ro code   0x800'0ba8     0x4  startup_stm32f427x.o [1]
  .text              ro code   0x800'0bac     0x4  startup_stm32f427x.o [1]
  .text              ro code   0x800'0bb0     0x4  startup_stm32f427x.o [1]
  .text              ro code   0x800'0bb4     0x4  startup_stm32f427x.o [1]
  .text              ro code   0x800'0bb8     0x4  startup_stm32f427x.o [1]
  .text              ro code   0x800'0bbc     0x4  startup_stm32f427x.o [1]
  .text              ro code   0x800'0bc0     0x4  startup_stm32f427x.o [1]
  .text              ro code   0x800'0bc4     0x4  startup_stm32f427x.o [1]
  .text              ro code   0x800'0bc8     0x4  startup_stm32f427x.o [1]
  .text              ro code   0x800'0bcc     0x4  startup_stm32f427x.o [1]
  .text              ro code   0x800'0bd0     0x4  startup_stm32f427x.o [1]
  .text              ro code   0x800'0bd4     0x4  startup_stm32f427x.o [1]
  .text              ro code   0x800'0bd8     0x4  startup_stm32f427x.o [1]
  .text              ro code   0x800'0bdc     0x4  startup_stm32f427x.o [1]
  .text              ro code   0x800'0be0     0x4  startup_stm32f427x.o [1]
  .text              ro code   0x800'0be4     0x4  startup_stm32f427x.o [1]
  .text              ro code   0x800'0be8     0x4  startup_stm32f427x.o [1]
  .text              ro code   0x800'0bec     0x4  startup_stm32f427x.o [1]
  .text              ro code   0x800'0bf0     0x4  startup_stm32f427x.o [1]
  .text              ro code   0x800'0bf4     0x4  startup_stm32f427x.o [1]
  .text              ro code   0x800'0bf8     0x4  startup_stm32f427x.o [1]
  .text              ro code   0x800'0bfc     0x4  startup_stm32f427x.o [1]
  .text              ro code   0x800'0c00     0x4  startup_stm32f427x.o [1]
  .text              ro code   0x800'0c04     0x4  startup_stm32f427x.o [1]
  .text              ro code   0x800'0c08     0x4  startup_stm32f427x.o [1]
  .text              ro code   0x800'0c0c     0x4  startup_stm32f427x.o [1]
  .text              ro code   0x800'0c10     0x4  startup_stm32f427x.o [1]
  .text              ro code   0x800'0c14     0x4  startup_stm32f427x.o [1]
  .text              ro code   0x800'0c18     0x4  startup_stm32f427x.o [1]
  .text              ro code   0x800'0c1c     0x4  startup_stm32f427x.o [1]
  .text              ro code   0x800'0c20     0x4  startup_stm32f427x.o [1]
  .text              ro code   0x800'0c24     0x4  startup_stm32f427x.o [1]
  .text              ro code   0x800'0c28     0x4  startup_stm32f427x.o [1]
  .text              ro code   0x800'0c2c     0x4  startup_stm32f427x.o [1]
  .text              ro code   0x800'0c30     0x4  startup_stm32f427x.o [1]
  .text              ro code   0x800'0c34     0x4  startup_stm32f427x.o [1]
  .rodata            const     0x800'0c38     0x0  zero_init3.o [4]
  .rodata            const     0x800'0c38     0x0  copy_init3.o [4]
                             - 0x800'0c38   0xa8c

"P2", part 1 of 3:                            0xc
  P2-1                        0x2000'0000     0xc  <Init block>
    .data            inited   0x2000'0000     0x4  AnyID_R542_SysCfg.o [1]
    .data            inited   0x2000'0004     0x8  rand.o [2]
                            - 0x2000'000c     0xc

"P2", part 2 of 3:                           0x90
  .bss               zero     0x2000'000c    0x84  rand.o [2]
  .bss               zero     0x2000'0090     0x4  AnyID_R542_SysTick_HL.o [1]
  .bss               zero     0x2000'0094     0x4  AnyID_R542_SysTick_HL.o [1]
  .bss               zero     0x2000'0098     0x2  AnyID_R542_IO_HL.o [1]
                            - 0x2000'009a    0x8e

"P2", part 3 of 3:                         0x4000
  CSTACK                      0x2000'00a0  0x4000  <Block>
    CSTACK           uninit   0x2000'00a0  0x4000  <Block tail>
                            - 0x2000'40a0  0x4000

Unused ranges:

         From           To      Size
         ----           --      ----
   0x800'0c38   0x80f'ffff  0xf'f3c8
  0x2000'009c  0x2000'009f       0x4
  0x2000'40a0  0x2001'ffff  0x1'bf60


*******************************************************************************
*** INIT TABLE
***

          Address      Size
          -------      ----
Zero (__iar_zero_init3)
    1 destination range, total size 0x8e:
          0x2000'000c  0x8e

Copy (__iar_copy_init3)
    1 source range, total size 0xc:
           0x800'0ac8   0xc
    1 destination range, total size 0xc:
          0x2000'0000   0xc



*******************************************************************************
*** MODULE SUMMARY
***

    Module                   ro code  ro data  rw data
    ------                   -------  -------  -------
command line/config:
    --------------------------------------------------
    Total:

E:\AnyID\Git\ESC_SSC\ESC_SSC\ESC_SSC\Build\Obj: [1]
    AnyID_R542_IO.o              124
    AnyID_R542_IO_HL.o           106      128        2
    AnyID_R542_SysCfg.o          500        4        4
    AnyID_R542_SysTick_HL.o      164                 8
    main.o                        12
    misc.o                        36
    startup_stm32f427x.o         800
    stm32f4xx_gpio.o             202
    stm32f4xx_it.o                56
    stm32f4xx_rcc.o              128
    system_stm32f4xx.o           292
    --------------------------------------------------
    Total:                     2'420      132       14

dl7M_tlf.a: [2]
    exit.o                         4
    low_level_init.o               4
    rand.o                       164        8      140
    --------------------------------------------------
    Total:                       172        8      140

m7M_tls.a: [3]
    fpinit_M.o                    34
    --------------------------------------------------
    Total:                        34

rt7M_tl.a: [4]
    ABImemset.o                  102
    cexit.o                       10
    cmain.o                       30
    copy_init3.o                  46
    cstartup_M.o                  12
    data_init.o                   40
    zero_init3.o                  58
    --------------------------------------------------
    Total:                       298

shb_l.a: [5]
    exit.o                        20
    --------------------------------------------------
    Total:                        20

    Gaps                           6        2
    Linker created                         36   16'384
------------------------------------------------------
    Grand Total:               2'950      178   16'538


*******************************************************************************
*** ENTRY LIST
***

Entry                       Address  Size  Type      Object
-----                       -------  ----  ----      ------
.iar.init_table$$Base    0x800'0a34         --   Gb  - Linker created -
.iar.init_table$$Limit   0x800'0a58         --   Gb  - Linker created -
?main                    0x800'0a59        Code  Gb  cmain.o [4]
BusFault_Handler         0x800'09b7   0x2  Code  Gb  stm32f4xx_it.o [1]
CSTACK$$Base            0x2000'00a0         --   Gb  - Linker created -
CSTACK$$Limit           0x2000'40a0         --   Gb  - Linker created -
DebugMon_Handler         0x800'09bd   0x2  Code  Gb  stm32f4xx_it.o [1]
FMSC_DO_PORT             0x800'0930  0x80  Data  Gb  AnyID_R542_IO_HL.o [1]
GPIO_Init                0x800'0741  0xca  Code  Gb  stm32f4xx_gpio.o [1]
HardFault_Handler        0x800'09b3   0x2  Code  Gb  stm32f4xx_it.o [1]
IO_Delayms               0x800'051d  0x12  Code  Gb  AnyID_R542_IO_HL.o [1]
IO_Init                  0x800'04c5  0x54  Code  Gb  AnyID_R542_IO_HL.o [1]
IO_Test                  0x800'0569  0x7c  Code  Gb  AnyID_R542_IO.o [1]
MemManage_Handler        0x800'09b5   0x2  Code  Gb  stm32f4xx_it.o [1]
NMI_Handler              0x800'09b1   0x2  Code  Gb  stm32f4xx_it.o [1]
NVIC_SetPriority         0x800'0421  0x2c  Code  Lc  AnyID_R542_SysTick_HL.o [1]
PendSV_Handler           0x800'09bf   0x2  Code  Gb  stm32f4xx_it.o [1]
RCC_AHB1PeriphClockCmd   0x800'03a1  0x1c  Code  Gb  stm32f4xx_rcc.o [1]
RCC_AHB2PeriphClockCmd   0x800'03bd  0x1c  Code  Gb  stm32f4xx_rcc.o [1]
RCC_APB1PeriphClockCmd   0x800'03d9  0x1c  Code  Gb  stm32f4xx_rcc.o [1]
RCC_APB2PeriphClockCmd   0x800'03f5  0x1c  Code  Gb  stm32f4xx_rcc.o [1]
Region$$Table$$Base      0x800'0a34         --   Gb  - Linker created -
Region$$Table$$Limit     0x800'0a58         --   Gb  - Linker created -
STick_InitSysTick        0x800'047d  0x26  Code  Gb  AnyID_R542_SysTick_HL.o [1]
SVC_Handler              0x800'09bb   0x2  Code  Gb  stm32f4xx_it.o [1]
SetSysClock              0x800'0853  0xaa  Code  Lc  system_stm32f4xx.o [1]
SysTick_CLKSourceConfig
                         0x800'0689  0x1c  Code  Gb  misc.o [1]
SysTick_Config           0x800'044d  0x30  Code  Lc  AnyID_R542_SysTick_HL.o [1]
SysTick_Handler          0x800'09c1  0x20  Code  Gb  stm32f4xx_it.o [1]
Sys_CfgClock             0x800'01bf  0xcc  Code  Gb  AnyID_R542_SysCfg.o [1]
Sys_CfgNVIC              0x800'02b5   0xa  Code  Gb  AnyID_R542_SysCfg.o [1]
Sys_CfgPeriphClk         0x800'028b  0x2a  Code  Gb  AnyID_R542_SysCfg.o [1]
Sys_Delayms              0x800'01ad  0x12  Code  Gb  AnyID_R542_SysCfg.o [1]
Sys_Init                 0x800'02bf  0x2e  Code  Gb  AnyID_R542_SysCfg.o [1]
Sys_LedTask              0x800'02ed  0x70  Code  Gb  AnyID_R542_SysCfg.o [1]
SystemInit               0x800'080d  0x46  Code  Gb  system_stm32f4xx.o [1]
UsageFault_Handler       0x800'09b9   0x2  Code  Gb  stm32f4xx_it.o [1]
_Rand_idx               0x2000'008c   0x4  Data  Lc  rand.o [2]
_Rand_rv                0x2000'000c  0x80  Data  Lc  rand.o [2]
_Randinit               0x2000'0004   0x1  Data  Gb  rand.o [2]
_Randseed               0x2000'0008   0x4  Data  Gb  rand.o [2]
__aeabi_memset           0x800'06ad        Code  Gb  ABImemset.o [4]
__cmain                  0x800'0a59        Code  Gb  cmain.o [4]
__exit                   0x800'0a99  0x14  Code  Gb  exit.o [5]
__iar_Memset             0x800'06ad        Code  Gb  ABImemset.o [4]
__iar_Memset_word        0x800'06b5        Code  Gb  ABImemset.o [4]
__iar_copy_init3         0x800'0713  0x2e  Code  Gb  copy_init3.o [4]
__iar_data_init3         0x800'09e9  0x28  Code  Gb  data_init.o [4]
__iar_init_vfp           0x800'0a11        Code  Gb  fpinit_M.o [3]
__iar_program_start      0x800'0abd        Code  Gb  cstartup_M.o [4]
__iar_zero_init3         0x800'052f  0x3a  Code  Gb  zero_init3.o [4]
__low_level_init         0x800'0a77   0x4  Code  Gb  low_level_init.o [2]
__vector_table           0x800'0000        Data  Gb  startup_stm32f427x.o [1]
_call_main               0x800'0a65        Code  Gb  cmain.o [4]
_exit                    0x800'0a8d        Code  Gb  cexit.o [4]
_main                    0x800'0a73        Code  Gb  cmain.o [4]
exit                     0x800'0a87   0x4  Code  Gb  exit.o [2]
g_nIOStatus             0x2000'0098   0x2  Data  Gb  AnyID_R542_IO_HL.o [1]
g_nSysDelay             0x2000'0094   0x4  Data  Gb  AnyID_R542_SysTick_HL.o [1]
g_nSysState             0x2000'0000   0x4  Data  Gb  AnyID_R542_SysCfg.o [1]
g_nSysTick              0x2000'0090   0x4  Data  Gb  AnyID_R542_SysTick_HL.o [1]
main                     0x800'0a7b   0xc  Code  Gb  main.o [1]
rand                     0x800'05e5  0x94  Code  Gb  rand.o [2]


[1] = E:\AnyID\Git\ESC_SSC\ESC_SSC\ESC_SSC\Build\Obj
[2] = dl7M_tlf.a
[3] = m7M_tls.a
[4] = rt7M_tl.a
[5] = shb_l.a

   2'950 bytes of readonly  code memory
     178 bytes of readonly  data memory
  16'538 bytes of readwrite data memory

Errors: none
Warnings: none
